// Jest Snapshot v1, https://goo.gl/fbAQLP

exports[`<CalendarScreen /> CalendarScreen renders correctly 1`] = `
<RCTSafeAreaView
  style={
    {
      "flex": 1,
    }
  }
>
  <View
    style={
      {
        "flex": 1,
        "paddingVertical": 24,
      }
    }
  >
    <View
      style={
        {
          "paddingHorizontal": 16,
        }
      }
    >
      <Text
        style={
          {
            "color": "#1d1d1d",
            "fontSize": 32,
            "fontWeight": "700",
            "marginBottom": 12,
          }
        }
      >
        Your Schedule
      </Text>
      <View
        style={
          {
            "alignItems": "center",
            "backgroundColor": "#852C3A",
            "borderRadius": 8,
            "justifyContent": "center",
            "minHeight": 40,
            "position": "absolute",
            "right": 16,
            "top": 0,
            "width": "20%",
          }
        }
      >
        <View
          accessibilityState={
            {
              "busy": undefined,
              "checked": undefined,
              "disabled": undefined,
              "expanded": undefined,
              "selected": undefined,
            }
          }
          accessibilityValue={
            {
              "max": undefined,
              "min": undefined,
              "now": undefined,
              "text": undefined,
            }
          }
          accessible={true}
          collapsable={false}
          focusable={true}
          onClick={[Function]}
          onResponderGrant={[Function]}
          onResponderMove={[Function]}
          onResponderRelease={[Function]}
          onResponderTerminate={[Function]}
          onResponderTerminationRequest={[Function]}
          onStartShouldSetResponder={[Function]}
          style={
            {
              "opacity": 1,
            }
          }
        >
          <Text
            style={
              {
                "color": "white",
              }
            }
          >
            Upload
          </Text>
        </View>
      </View>
    </View>
    <View
      style={
        {
          "flex": 1,
          "maxHeight": 74,
          "paddingVertical": 12,
        }
      }
    >
      <View
        onLayout={[Function]}
        style={
          [
            {
              "backgroundColor": "transparent",
              "flex": 1,
              "position": "relative",
            },
            undefined,
          ]
        }
      >
        <RCTScrollView
          automaticallyAdjustContentInsets={false}
          autoplay={false}
          autoplayDirection={true}
          autoplayTimeout={2.5}
          bounces={false}
          contentContainerStyle={
            [
              {
                "backgroundColor": "transparent",
              },
              undefined,
            ]
          }
          contentOffset={
            {
              "x": 0,
            }
          }
          disableNextButton={false}
          disablePrevButton={false}
          horizontal={true}
          index={0}
          loadMinimal={false}
          loadMinimalSize={1}
          loop={false}
          onIndexChanged={[Function]}
          onMomentumScrollEnd={[Function]}
          onScrollBeginDrag={[Function]}
          onScrollEndDrag={[Function]}
          pagingEnabled={true}
          removeClippedSubviews={true}
          scrollsToTop={false}
          showsButtons={false}
          showsHorizontalScrollIndicator={false}
          showsPagination={false}
          showsVerticalScrollIndicator={false}
        >
          <View>
            <View
              style={
                [
                  {
                    "height": 1334,
                    "width": 750,
                  },
                  {
                    "backgroundColor": "transparent",
                  },
                ]
              }
            >
              <View
                style={
                  {
                    "flexDirection": "row",
                    "justifyContent": "space-between",
                    "paddingHorizontal": 12,
                    "width": 750,
                  }
                }
              >
                <View
                  accessibilityState={
                    {
                      "busy": undefined,
                      "checked": undefined,
                      "disabled": undefined,
                      "expanded": undefined,
                      "selected": undefined,
                    }
                  }
                  accessible={true}
                  focusable={true}
                  onClick={[Function]}
                  onResponderGrant={[Function]}
                  onResponderMove={[Function]}
                  onResponderRelease={[Function]}
                  onResponderTerminate={[Function]}
                  onResponderTerminationRequest={[Function]}
                  onStartShouldSetResponder={[Function]}
                  style={
                    [
                      {
                        "alignItems": "center",
                        "borderColor": "#e3e3e3",
                        "borderRadius": 8,
                        "borderWidth": 1,
                        "flex": 1,
                        "height": 50,
                        "justifyContent": "center",
                        "marginHorizontal": 4,
                      },
                      false,
                    ]
                  }
                >
                  <Text
                    style={
                      [
                        {
                          "fontSize": 12,
                        },
                        false,
                      ]
                    }
                  >
                    Sun
                  </Text>
                  <Text
                    style={
                      [
                        {
                          "fontSize": 20,
                        },
                        false,
                      ]
                    }
                  >
                    16
                  </Text>
                </View>
                <View
                  accessibilityState={
                    {
                      "busy": undefined,
                      "checked": undefined,
                      "disabled": undefined,
                      "expanded": undefined,
                      "selected": undefined,
                    }
                  }
                  accessible={true}
                  focusable={true}
                  onClick={[Function]}
                  onResponderGrant={[Function]}
                  onResponderMove={[Function]}
                  onResponderRelease={[Function]}
                  onResponderTerminate={[Function]}
                  onResponderTerminationRequest={[Function]}
                  onStartShouldSetResponder={[Function]}
                  style={
                    [
                      {
                        "alignItems": "center",
                        "borderColor": "#e3e3e3",
                        "borderRadius": 8,
                        "borderWidth": 1,
                        "flex": 1,
                        "height": 50,
                        "justifyContent": "center",
                        "marginHorizontal": 4,
                      },
                      false,
                    ]
                  }
                >
                  <Text
                    style={
                      [
                        {
                          "fontSize": 12,
                        },
                        false,
                      ]
                    }
                  >
                    Mon
                  </Text>
                  <Text
                    style={
                      [
                        {
                          "fontSize": 20,
                        },
                        false,
                      ]
                    }
                  >
                    17
                  </Text>
                </View>
                <View
                  accessibilityState={
                    {
                      "busy": undefined,
                      "checked": undefined,
                      "disabled": undefined,
                      "expanded": undefined,
                      "selected": undefined,
                    }
                  }
                  accessible={true}
                  focusable={true}
                  onClick={[Function]}
                  onResponderGrant={[Function]}
                  onResponderMove={[Function]}
                  onResponderRelease={[Function]}
                  onResponderTerminate={[Function]}
                  onResponderTerminationRequest={[Function]}
                  onStartShouldSetResponder={[Function]}
                  style={
                    [
                      {
                        "alignItems": "center",
                        "borderColor": "#e3e3e3",
                        "borderRadius": 8,
                        "borderWidth": 1,
                        "flex": 1,
                        "height": 50,
                        "justifyContent": "center",
                        "marginHorizontal": 4,
                      },
                      false,
                    ]
                  }
                >
                  <Text
                    style={
                      [
                        {
                          "fontSize": 12,
                        },
                        false,
                      ]
                    }
                  >
                    Tue
                  </Text>
                  <Text
                    style={
                      [
                        {
                          "fontSize": 20,
                        },
                        false,
                      ]
                    }
                  >
                    18
                  </Text>
                </View>
                <View
                  accessibilityState={
                    {
                      "busy": undefined,
                      "checked": undefined,
                      "disabled": undefined,
                      "expanded": undefined,
                      "selected": undefined,
                    }
                  }
                  accessible={true}
                  focusable={true}
                  onClick={[Function]}
                  onResponderGrant={[Function]}
                  onResponderMove={[Function]}
                  onResponderRelease={[Function]}
                  onResponderTerminate={[Function]}
                  onResponderTerminationRequest={[Function]}
                  onStartShouldSetResponder={[Function]}
                  style={
                    [
                      {
                        "alignItems": "center",
                        "borderColor": "#e3e3e3",
                        "borderRadius": 8,
                        "borderWidth": 1,
                        "flex": 1,
                        "height": 50,
                        "justifyContent": "center",
                        "marginHorizontal": 4,
                      },
                      false,
                    ]
                  }
                >
                  <Text
                    style={
                      [
                        {
                          "fontSize": 12,
                        },
                        false,
                      ]
                    }
                  >
                    Wed
                  </Text>
                  <Text
                    style={
                      [
                        {
                          "fontSize": 20,
                        },
                        false,
                      ]
                    }
                  >
                    19
                  </Text>
                </View>
                <View
                  accessibilityState={
                    {
                      "busy": undefined,
                      "checked": undefined,
                      "disabled": undefined,
                      "expanded": undefined,
                      "selected": undefined,
                    }
                  }
                  accessible={true}
                  focusable={true}
                  onClick={[Function]}
                  onResponderGrant={[Function]}
                  onResponderMove={[Function]}
                  onResponderRelease={[Function]}
                  onResponderTerminate={[Function]}
                  onResponderTerminationRequest={[Function]}
                  onStartShouldSetResponder={[Function]}
                  style={
                    [
                      {
                        "alignItems": "center",
                        "borderColor": "#e3e3e3",
                        "borderRadius": 8,
                        "borderWidth": 1,
                        "flex": 1,
                        "height": 50,
                        "justifyContent": "center",
                        "marginHorizontal": 4,
                      },
                      false,
                    ]
                  }
                >
                  <Text
                    style={
                      [
                        {
                          "fontSize": 12,
                        },
                        false,
                      ]
                    }
                  >
                    Thu
                  </Text>
                  <Text
                    style={
                      [
                        {
                          "fontSize": 20,
                        },
                        false,
                      ]
                    }
                  >
                    20
                  </Text>
                </View>
                <View
                  accessibilityState={
                    {
                      "busy": undefined,
                      "checked": undefined,
                      "disabled": undefined,
                      "expanded": undefined,
                      "selected": undefined,
                    }
                  }
                  accessible={true}
                  focusable={true}
                  onClick={[Function]}
                  onResponderGrant={[Function]}
                  onResponderMove={[Function]}
                  onResponderRelease={[Function]}
                  onResponderTerminate={[Function]}
                  onResponderTerminationRequest={[Function]}
                  onStartShouldSetResponder={[Function]}
                  style={
                    [
                      {
                        "alignItems": "center",
                        "borderColor": "#e3e3e3",
                        "borderRadius": 8,
                        "borderWidth": 1,
                        "flex": 1,
                        "height": 50,
                        "justifyContent": "center",
                        "marginHorizontal": 4,
                      },
                      {
                        "backgroundColor": "#111",
                        "borderColor": "#111",
                      },
                    ]
                  }
                >
                  <Text
                    style={
                      [
                        {
                          "fontSize": 12,
                        },
                        {
                          "color": "#fff",
                        },
                      ]
                    }
                  >
                    Fri
                  </Text>
                  <Text
                    style={
                      [
                        {
                          "fontSize": 20,
                        },
                        {
                          "color": "#fff",
                        },
                      ]
                    }
                  >
                    21
                  </Text>
                </View>
                <View
                  accessibilityState={
                    {
                      "busy": undefined,
                      "checked": undefined,
                      "disabled": undefined,
                      "expanded": undefined,
                      "selected": undefined,
                    }
                  }
                  accessible={true}
                  focusable={true}
                  onClick={[Function]}
                  onResponderGrant={[Function]}
                  onResponderMove={[Function]}
                  onResponderRelease={[Function]}
                  onResponderTerminate={[Function]}
                  onResponderTerminationRequest={[Function]}
                  onStartShouldSetResponder={[Function]}
                  style={
                    [
                      {
                        "alignItems": "center",
                        "borderColor": "#e3e3e3",
                        "borderRadius": 8,
                        "borderWidth": 1,
                        "flex": 1,
                        "height": 50,
                        "justifyContent": "center",
                        "marginHorizontal": 4,
                      },
                      false,
                    ]
                  }
                >
                  <Text
                    style={
                      [
                        {
                          "fontSize": 12,
                        },
                        false,
                      ]
                    }
                  >
                    Sat
                  </Text>
                  <Text
                    style={
                      [
                        {
                          "fontSize": 20,
                        },
                        false,
                      ]
                    }
                  >
                    22
                  </Text>
                </View>
              </View>
            </View>
            <View
              style={
                [
                  {
                    "height": 1334,
                    "width": 750,
                  },
                  {
                    "backgroundColor": "transparent",
                  },
                ]
              }
            >
              <View
                style={
                  {
                    "flexDirection": "row",
                    "justifyContent": "space-between",
                    "paddingHorizontal": 12,
                    "width": 750,
                  }
                }
              >
                <View
                  accessibilityState={
                    {
                      "busy": undefined,
                      "checked": undefined,
                      "disabled": undefined,
                      "expanded": undefined,
                      "selected": undefined,
                    }
                  }
                  accessible={true}
                  focusable={true}
                  onClick={[Function]}
                  onResponderGrant={[Function]}
                  onResponderMove={[Function]}
                  onResponderRelease={[Function]}
                  onResponderTerminate={[Function]}
                  onResponderTerminationRequest={[Function]}
                  onStartShouldSetResponder={[Function]}
                  style={
                    [
                      {
                        "alignItems": "center",
                        "borderColor": "#e3e3e3",
                        "borderRadius": 8,
                        "borderWidth": 1,
                        "flex": 1,
                        "height": 50,
                        "justifyContent": "center",
                        "marginHorizontal": 4,
                      },
                      false,
                    ]
                  }
                >
                  <Text
                    style={
                      [
                        {
                          "fontSize": 12,
                        },
                        false,
                      ]
                    }
                  >
                    Sun
                  </Text>
                  <Text
                    style={
                      [
                        {
                          "fontSize": 20,
                        },
                        false,
                      ]
                    }
                  >
                    23
                  </Text>
                </View>
                <View
                  accessibilityState={
                    {
                      "busy": undefined,
                      "checked": undefined,
                      "disabled": undefined,
                      "expanded": undefined,
                      "selected": undefined,
                    }
                  }
                  accessible={true}
                  focusable={true}
                  onClick={[Function]}
                  onResponderGrant={[Function]}
                  onResponderMove={[Function]}
                  onResponderRelease={[Function]}
                  onResponderTerminate={[Function]}
                  onResponderTerminationRequest={[Function]}
                  onStartShouldSetResponder={[Function]}
                  style={
                    [
                      {
                        "alignItems": "center",
                        "borderColor": "#e3e3e3",
                        "borderRadius": 8,
                        "borderWidth": 1,
                        "flex": 1,
                        "height": 50,
                        "justifyContent": "center",
                        "marginHorizontal": 4,
                      },
                      false,
                    ]
                  }
                >
                  <Text
                    style={
                      [
                        {
                          "fontSize": 12,
                        },
                        false,
                      ]
                    }
                  >
                    Mon
                  </Text>
                  <Text
                    style={
                      [
                        {
                          "fontSize": 20,
                        },
                        false,
                      ]
                    }
                  >
                    24
                  </Text>
                </View>
                <View
                  accessibilityState={
                    {
                      "busy": undefined,
                      "checked": undefined,
                      "disabled": undefined,
                      "expanded": undefined,
                      "selected": undefined,
                    }
                  }
                  accessible={true}
                  focusable={true}
                  onClick={[Function]}
                  onResponderGrant={[Function]}
                  onResponderMove={[Function]}
                  onResponderRelease={[Function]}
                  onResponderTerminate={[Function]}
                  onResponderTerminationRequest={[Function]}
                  onStartShouldSetResponder={[Function]}
                  style={
                    [
                      {
                        "alignItems": "center",
                        "borderColor": "#e3e3e3",
                        "borderRadius": 8,
                        "borderWidth": 1,
                        "flex": 1,
                        "height": 50,
                        "justifyContent": "center",
                        "marginHorizontal": 4,
                      },
                      false,
                    ]
                  }
                >
                  <Text
                    style={
                      [
                        {
                          "fontSize": 12,
                        },
                        false,
                      ]
                    }
                  >
                    Tue
                  </Text>
                  <Text
                    style={
                      [
                        {
                          "fontSize": 20,
                        },
                        false,
                      ]
                    }
                  >
                    25
                  </Text>
                </View>
                <View
                  accessibilityState={
                    {
                      "busy": undefined,
                      "checked": undefined,
                      "disabled": undefined,
                      "expanded": undefined,
                      "selected": undefined,
                    }
                  }
                  accessible={true}
                  focusable={true}
                  onClick={[Function]}
                  onResponderGrant={[Function]}
                  onResponderMove={[Function]}
                  onResponderRelease={[Function]}
                  onResponderTerminate={[Function]}
                  onResponderTerminationRequest={[Function]}
                  onStartShouldSetResponder={[Function]}
                  style={
                    [
                      {
                        "alignItems": "center",
                        "borderColor": "#e3e3e3",
                        "borderRadius": 8,
                        "borderWidth": 1,
                        "flex": 1,
                        "height": 50,
                        "justifyContent": "center",
                        "marginHorizontal": 4,
                      },
                      false,
                    ]
                  }
                >
                  <Text
                    style={
                      [
                        {
                          "fontSize": 12,
                        },
                        false,
                      ]
                    }
                  >
                    Wed
                  </Text>
                  <Text
                    style={
                      [
                        {
                          "fontSize": 20,
                        },
                        false,
                      ]
                    }
                  >
                    26
                  </Text>
                </View>
                <View
                  accessibilityState={
                    {
                      "busy": undefined,
                      "checked": undefined,
                      "disabled": undefined,
                      "expanded": undefined,
                      "selected": undefined,
                    }
                  }
                  accessible={true}
                  focusable={true}
                  onClick={[Function]}
                  onResponderGrant={[Function]}
                  onResponderMove={[Function]}
                  onResponderRelease={[Function]}
                  onResponderTerminate={[Function]}
                  onResponderTerminationRequest={[Function]}
                  onStartShouldSetResponder={[Function]}
                  style={
                    [
                      {
                        "alignItems": "center",
                        "borderColor": "#e3e3e3",
                        "borderRadius": 8,
                        "borderWidth": 1,
                        "flex": 1,
                        "height": 50,
                        "justifyContent": "center",
                        "marginHorizontal": 4,
                      },
                      false,
                    ]
                  }
                >
                  <Text
                    style={
                      [
                        {
                          "fontSize": 12,
                        },
                        false,
                      ]
                    }
                  >
                    Thu
                  </Text>
                  <Text
                    style={
                      [
                        {
                          "fontSize": 20,
                        },
                        false,
                      ]
                    }
                  >
                    27
                  </Text>
                </View>
                <View
                  accessibilityState={
                    {
                      "busy": undefined,
                      "checked": undefined,
                      "disabled": undefined,
                      "expanded": undefined,
                      "selected": undefined,
                    }
                  }
                  accessible={true}
                  focusable={true}
                  onClick={[Function]}
                  onResponderGrant={[Function]}
                  onResponderMove={[Function]}
                  onResponderRelease={[Function]}
                  onResponderTerminate={[Function]}
                  onResponderTerminationRequest={[Function]}
                  onStartShouldSetResponder={[Function]}
                  style={
                    [
                      {
                        "alignItems": "center",
                        "borderColor": "#e3e3e3",
                        "borderRadius": 8,
                        "borderWidth": 1,
                        "flex": 1,
                        "height": 50,
                        "justifyContent": "center",
                        "marginHorizontal": 4,
                      },
                      false,
                    ]
                  }
                >
                  <Text
                    style={
                      [
                        {
                          "fontSize": 12,
                        },
                        false,
                      ]
                    }
                  >
                    Fri
                  </Text>
                  <Text
                    style={
                      [
                        {
                          "fontSize": 20,
                        },
                        false,
                      ]
                    }
                  >
                    28
                  </Text>
                </View>
                <View
                  accessibilityState={
                    {
                      "busy": undefined,
                      "checked": undefined,
                      "disabled": undefined,
                      "expanded": undefined,
                      "selected": undefined,
                    }
                  }
                  accessible={true}
                  focusable={true}
                  onClick={[Function]}
                  onResponderGrant={[Function]}
                  onResponderMove={[Function]}
                  onResponderRelease={[Function]}
                  onResponderTerminate={[Function]}
                  onResponderTerminationRequest={[Function]}
                  onStartShouldSetResponder={[Function]}
                  style={
                    [
                      {
                        "alignItems": "center",
                        "borderColor": "#e3e3e3",
                        "borderRadius": 8,
                        "borderWidth": 1,
                        "flex": 1,
                        "height": 50,
                        "justifyContent": "center",
                        "marginHorizontal": 4,
                      },
                      false,
                    ]
                  }
                >
                  <Text
                    style={
                      [
                        {
                          "fontSize": 12,
                        },
                        false,
                      ]
                    }
                  >
                    Sat
                  </Text>
                  <Text
                    style={
                      [
                        {
                          "fontSize": 20,
                        },
                        false,
                      ]
                    }
                  >
                    1
                  </Text>
                </View>
              </View>
            </View>
            <View
              style={
                [
                  {
                    "height": 1334,
                    "width": 750,
                  },
                  {
                    "backgroundColor": "transparent",
                  },
                ]
              }
            >
              <View
                style={
                  {
                    "flexDirection": "row",
                    "justifyContent": "space-between",
                    "paddingHorizontal": 12,
                    "width": 750,
                  }
                }
              >
                <View
                  accessibilityState={
                    {
                      "busy": undefined,
                      "checked": undefined,
                      "disabled": undefined,
                      "expanded": undefined,
                      "selected": undefined,
                    }
                  }
                  accessible={true}
                  focusable={true}
                  onClick={[Function]}
                  onResponderGrant={[Function]}
                  onResponderMove={[Function]}
                  onResponderRelease={[Function]}
                  onResponderTerminate={[Function]}
                  onResponderTerminationRequest={[Function]}
                  onStartShouldSetResponder={[Function]}
                  style={
                    [
                      {
                        "alignItems": "center",
                        "borderColor": "#e3e3e3",
                        "borderRadius": 8,
                        "borderWidth": 1,
                        "flex": 1,
                        "height": 50,
                        "justifyContent": "center",
                        "marginHorizontal": 4,
                      },
                      false,
                    ]
                  }
                >
                  <Text
                    style={
                      [
                        {
                          "fontSize": 12,
                        },
                        false,
                      ]
                    }
                  >
                    Sun
                  </Text>
                  <Text
                    style={
                      [
                        {
                          "fontSize": 20,
                        },
                        false,
                      ]
                    }
                  >
                    2
                  </Text>
                </View>
                <View
                  accessibilityState={
                    {
                      "busy": undefined,
                      "checked": undefined,
                      "disabled": undefined,
                      "expanded": undefined,
                      "selected": undefined,
                    }
                  }
                  accessible={true}
                  focusable={true}
                  onClick={[Function]}
                  onResponderGrant={[Function]}
                  onResponderMove={[Function]}
                  onResponderRelease={[Function]}
                  onResponderTerminate={[Function]}
                  onResponderTerminationRequest={[Function]}
                  onStartShouldSetResponder={[Function]}
                  style={
                    [
                      {
                        "alignItems": "center",
                        "borderColor": "#e3e3e3",
                        "borderRadius": 8,
                        "borderWidth": 1,
                        "flex": 1,
                        "height": 50,
                        "justifyContent": "center",
                        "marginHorizontal": 4,
                      },
                      false,
                    ]
                  }
                >
                  <Text
                    style={
                      [
                        {
                          "fontSize": 12,
                        },
                        false,
                      ]
                    }
                  >
                    Mon
                  </Text>
                  <Text
                    style={
                      [
                        {
                          "fontSize": 20,
                        },
                        false,
                      ]
                    }
                  >
                    3
                  </Text>
                </View>
                <View
                  accessibilityState={
                    {
                      "busy": undefined,
                      "checked": undefined,
                      "disabled": undefined,
                      "expanded": undefined,
                      "selected": undefined,
                    }
                  }
                  accessible={true}
                  focusable={true}
                  onClick={[Function]}
                  onResponderGrant={[Function]}
                  onResponderMove={[Function]}
                  onResponderRelease={[Function]}
                  onResponderTerminate={[Function]}
                  onResponderTerminationRequest={[Function]}
                  onStartShouldSetResponder={[Function]}
                  style={
                    [
                      {
                        "alignItems": "center",
                        "borderColor": "#e3e3e3",
                        "borderRadius": 8,
                        "borderWidth": 1,
                        "flex": 1,
                        "height": 50,
                        "justifyContent": "center",
                        "marginHorizontal": 4,
                      },
                      false,
                    ]
                  }
                >
                  <Text
                    style={
                      [
                        {
                          "fontSize": 12,
                        },
                        false,
                      ]
                    }
                  >
                    Tue
                  </Text>
                  <Text
                    style={
                      [
                        {
                          "fontSize": 20,
                        },
                        false,
                      ]
                    }
                  >
                    4
                  </Text>
                </View>
                <View
                  accessibilityState={
                    {
                      "busy": undefined,
                      "checked": undefined,
                      "disabled": undefined,
                      "expanded": undefined,
                      "selected": undefined,
                    }
                  }
                  accessible={true}
                  focusable={true}
                  onClick={[Function]}
                  onResponderGrant={[Function]}
                  onResponderMove={[Function]}
                  onResponderRelease={[Function]}
                  onResponderTerminate={[Function]}
                  onResponderTerminationRequest={[Function]}
                  onStartShouldSetResponder={[Function]}
                  style={
                    [
                      {
                        "alignItems": "center",
                        "borderColor": "#e3e3e3",
                        "borderRadius": 8,
                        "borderWidth": 1,
                        "flex": 1,
                        "height": 50,
                        "justifyContent": "center",
                        "marginHorizontal": 4,
                      },
                      false,
                    ]
                  }
                >
                  <Text
                    style={
                      [
                        {
                          "fontSize": 12,
                        },
                        false,
                      ]
                    }
                  >
                    Wed
                  </Text>
                  <Text
                    style={
                      [
                        {
                          "fontSize": 20,
                        },
                        false,
                      ]
                    }
                  >
                    5
                  </Text>
                </View>
                <View
                  accessibilityState={
                    {
                      "busy": undefined,
                      "checked": undefined,
                      "disabled": undefined,
                      "expanded": undefined,
                      "selected": undefined,
                    }
                  }
                  accessible={true}
                  focusable={true}
                  onClick={[Function]}
                  onResponderGrant={[Function]}
                  onResponderMove={[Function]}
                  onResponderRelease={[Function]}
                  onResponderTerminate={[Function]}
                  onResponderTerminationRequest={[Function]}
                  onStartShouldSetResponder={[Function]}
                  style={
                    [
                      {
                        "alignItems": "center",
                        "borderColor": "#e3e3e3",
                        "borderRadius": 8,
                        "borderWidth": 1,
                        "flex": 1,
                        "height": 50,
                        "justifyContent": "center",
                        "marginHorizontal": 4,
                      },
                      false,
                    ]
                  }
                >
                  <Text
                    style={
                      [
                        {
                          "fontSize": 12,
                        },
                        false,
                      ]
                    }
                  >
                    Thu
                  </Text>
                  <Text
                    style={
                      [
                        {
                          "fontSize": 20,
                        },
                        false,
                      ]
                    }
                  >
                    6
                  </Text>
                </View>
                <View
                  accessibilityState={
                    {
                      "busy": undefined,
                      "checked": undefined,
                      "disabled": undefined,
                      "expanded": undefined,
                      "selected": undefined,
                    }
                  }
                  accessible={true}
                  focusable={true}
                  onClick={[Function]}
                  onResponderGrant={[Function]}
                  onResponderMove={[Function]}
                  onResponderRelease={[Function]}
                  onResponderTerminate={[Function]}
                  onResponderTerminationRequest={[Function]}
                  onStartShouldSetResponder={[Function]}
                  style={
                    [
                      {
                        "alignItems": "center",
                        "borderColor": "#e3e3e3",
                        "borderRadius": 8,
                        "borderWidth": 1,
                        "flex": 1,
                        "height": 50,
                        "justifyContent": "center",
                        "marginHorizontal": 4,
                      },
                      false,
                    ]
                  }
                >
                  <Text
                    style={
                      [
                        {
                          "fontSize": 12,
                        },
                        false,
                      ]
                    }
                  >
                    Fri
                  </Text>
                  <Text
                    style={
                      [
                        {
                          "fontSize": 20,
                        },
                        false,
                      ]
                    }
                  >
                    7
                  </Text>
                </View>
                <View
                  accessibilityState={
                    {
                      "busy": undefined,
                      "checked": undefined,
                      "disabled": undefined,
                      "expanded": undefined,
                      "selected": undefined,
                    }
                  }
                  accessible={true}
                  focusable={true}
                  onClick={[Function]}
                  onResponderGrant={[Function]}
                  onResponderMove={[Function]}
                  onResponderRelease={[Function]}
                  onResponderTerminate={[Function]}
                  onResponderTerminationRequest={[Function]}
                  onStartShouldSetResponder={[Function]}
                  style={
                    [
                      {
                        "alignItems": "center",
                        "borderColor": "#e3e3e3",
                        "borderRadius": 8,
                        "borderWidth": 1,
                        "flex": 1,
                        "height": 50,
                        "justifyContent": "center",
                        "marginHorizontal": 4,
                      },
                      false,
                    ]
                  }
                >
                  <Text
                    style={
                      [
                        {
                          "fontSize": 12,
                        },
                        false,
                      ]
                    }
                  >
                    Sat
                  </Text>
                  <Text
                    style={
                      [
                        {
                          "fontSize": 20,
                        },
                        false,
                      ]
                    }
                  >
                    8
                  </Text>
                </View>
              </View>
            </View>
            <View
              style={
                [
                  {
                    "height": 1334,
                    "width": 750,
                  },
                  {
                    "backgroundColor": "transparent",
                  },
                ]
              }
            >
              <View
                style={
                  {
                    "flexDirection": "row",
                    "justifyContent": "space-between",
                    "paddingHorizontal": 12,
                    "width": 750,
                  }
                }
              >
                <View
                  accessibilityState={
                    {
                      "busy": undefined,
                      "checked": undefined,
                      "disabled": undefined,
                      "expanded": undefined,
                      "selected": undefined,
                    }
                  }
                  accessible={true}
                  focusable={true}
                  onClick={[Function]}
                  onResponderGrant={[Function]}
                  onResponderMove={[Function]}
                  onResponderRelease={[Function]}
                  onResponderTerminate={[Function]}
                  onResponderTerminationRequest={[Function]}
                  onStartShouldSetResponder={[Function]}
                  style={
                    [
                      {
                        "alignItems": "center",
                        "borderColor": "#e3e3e3",
                        "borderRadius": 8,
                        "borderWidth": 1,
                        "flex": 1,
                        "height": 50,
                        "justifyContent": "center",
                        "marginHorizontal": 4,
                      },
                      false,
                    ]
                  }
                >
                  <Text
                    style={
                      [
                        {
                          "fontSize": 12,
                        },
                        false,
                      ]
                    }
                  >
                    Sun
                  </Text>
                  <Text
                    style={
                      [
                        {
                          "fontSize": 20,
                        },
                        false,
                      ]
                    }
                  >
                    9
                  </Text>
                </View>
                <View
                  accessibilityState={
                    {
                      "busy": undefined,
                      "checked": undefined,
                      "disabled": undefined,
                      "expanded": undefined,
                      "selected": undefined,
                    }
                  }
                  accessible={true}
                  focusable={true}
                  onClick={[Function]}
                  onResponderGrant={[Function]}
                  onResponderMove={[Function]}
                  onResponderRelease={[Function]}
                  onResponderTerminate={[Function]}
                  onResponderTerminationRequest={[Function]}
                  onStartShouldSetResponder={[Function]}
                  style={
                    [
                      {
                        "alignItems": "center",
                        "borderColor": "#e3e3e3",
                        "borderRadius": 8,
                        "borderWidth": 1,
                        "flex": 1,
                        "height": 50,
                        "justifyContent": "center",
                        "marginHorizontal": 4,
                      },
                      false,
                    ]
                  }
                >
                  <Text
                    style={
                      [
                        {
                          "fontSize": 12,
                        },
                        false,
                      ]
                    }
                  >
                    Mon
                  </Text>
                  <Text
                    style={
                      [
                        {
                          "fontSize": 20,
                        },
                        false,
                      ]
                    }
                  >
                    10
                  </Text>
                </View>
                <View
                  accessibilityState={
                    {
                      "busy": undefined,
                      "checked": undefined,
                      "disabled": undefined,
                      "expanded": undefined,
                      "selected": undefined,
                    }
                  }
                  accessible={true}
                  focusable={true}
                  onClick={[Function]}
                  onResponderGrant={[Function]}
                  onResponderMove={[Function]}
                  onResponderRelease={[Function]}
                  onResponderTerminate={[Function]}
                  onResponderTerminationRequest={[Function]}
                  onStartShouldSetResponder={[Function]}
                  style={
                    [
                      {
                        "alignItems": "center",
                        "borderColor": "#e3e3e3",
                        "borderRadius": 8,
                        "borderWidth": 1,
                        "flex": 1,
                        "height": 50,
                        "justifyContent": "center",
                        "marginHorizontal": 4,
                      },
                      false,
                    ]
                  }
                >
                  <Text
                    style={
                      [
                        {
                          "fontSize": 12,
                        },
                        false,
                      ]
                    }
                  >
                    Tue
                  </Text>
                  <Text
                    style={
                      [
                        {
                          "fontSize": 20,
                        },
                        false,
                      ]
                    }
                  >
                    11
                  </Text>
                </View>
                <View
                  accessibilityState={
                    {
                      "busy": undefined,
                      "checked": undefined,
                      "disabled": undefined,
                      "expanded": undefined,
                      "selected": undefined,
                    }
                  }
                  accessible={true}
                  focusable={true}
                  onClick={[Function]}
                  onResponderGrant={[Function]}
                  onResponderMove={[Function]}
                  onResponderRelease={[Function]}
                  onResponderTerminate={[Function]}
                  onResponderTerminationRequest={[Function]}
                  onStartShouldSetResponder={[Function]}
                  style={
                    [
                      {
                        "alignItems": "center",
                        "borderColor": "#e3e3e3",
                        "borderRadius": 8,
                        "borderWidth": 1,
                        "flex": 1,
                        "height": 50,
                        "justifyContent": "center",
                        "marginHorizontal": 4,
                      },
                      false,
                    ]
                  }
                >
                  <Text
                    style={
                      [
                        {
                          "fontSize": 12,
                        },
                        false,
                      ]
                    }
                  >
                    Wed
                  </Text>
                  <Text
                    style={
                      [
                        {
                          "fontSize": 20,
                        },
                        false,
                      ]
                    }
                  >
                    12
                  </Text>
                </View>
                <View
                  accessibilityState={
                    {
                      "busy": undefined,
                      "checked": undefined,
                      "disabled": undefined,
                      "expanded": undefined,
                      "selected": undefined,
                    }
                  }
                  accessible={true}
                  focusable={true}
                  onClick={[Function]}
                  onResponderGrant={[Function]}
                  onResponderMove={[Function]}
                  onResponderRelease={[Function]}
                  onResponderTerminate={[Function]}
                  onResponderTerminationRequest={[Function]}
                  onStartShouldSetResponder={[Function]}
                  style={
                    [
                      {
                        "alignItems": "center",
                        "borderColor": "#e3e3e3",
                        "borderRadius": 8,
                        "borderWidth": 1,
                        "flex": 1,
                        "height": 50,
                        "justifyContent": "center",
                        "marginHorizontal": 4,
                      },
                      false,
                    ]
                  }
                >
                  <Text
                    style={
                      [
                        {
                          "fontSize": 12,
                        },
                        false,
                      ]
                    }
                  >
                    Thu
                  </Text>
                  <Text
                    style={
                      [
                        {
                          "fontSize": 20,
                        },
                        false,
                      ]
                    }
                  >
                    13
                  </Text>
                </View>
                <View
                  accessibilityState={
                    {
                      "busy": undefined,
                      "checked": undefined,
                      "disabled": undefined,
                      "expanded": undefined,
                      "selected": undefined,
                    }
                  }
                  accessible={true}
                  focusable={true}
                  onClick={[Function]}
                  onResponderGrant={[Function]}
                  onResponderMove={[Function]}
                  onResponderRelease={[Function]}
                  onResponderTerminate={[Function]}
                  onResponderTerminationRequest={[Function]}
                  onStartShouldSetResponder={[Function]}
                  style={
                    [
                      {
                        "alignItems": "center",
                        "borderColor": "#e3e3e3",
                        "borderRadius": 8,
                        "borderWidth": 1,
                        "flex": 1,
                        "height": 50,
                        "justifyContent": "center",
                        "marginHorizontal": 4,
                      },
                      false,
                    ]
                  }
                >
                  <Text
                    style={
                      [
                        {
                          "fontSize": 12,
                        },
                        false,
                      ]
                    }
                  >
                    Fri
                  </Text>
                  <Text
                    style={
                      [
                        {
                          "fontSize": 20,
                        },
                        false,
                      ]
                    }
                  >
                    14
                  </Text>
                </View>
                <View
                  accessibilityState={
                    {
                      "busy": undefined,
                      "checked": undefined,
                      "disabled": undefined,
                      "expanded": undefined,
                      "selected": undefined,
                    }
                  }
                  accessible={true}
                  focusable={true}
                  onClick={[Function]}
                  onResponderGrant={[Function]}
                  onResponderMove={[Function]}
                  onResponderRelease={[Function]}
                  onResponderTerminate={[Function]}
                  onResponderTerminationRequest={[Function]}
                  onStartShouldSetResponder={[Function]}
                  style={
                    [
                      {
                        "alignItems": "center",
                        "borderColor": "#e3e3e3",
                        "borderRadius": 8,
                        "borderWidth": 1,
                        "flex": 1,
                        "height": 50,
                        "justifyContent": "center",
                        "marginHorizontal": 4,
                      },
                      false,
                    ]
                  }
                >
                  <Text
                    style={
                      [
                        {
                          "fontSize": 12,
                        },
                        false,
                      ]
                    }
                  >
                    Sat
                  </Text>
                  <Text
                    style={
                      [
                        {
                          "fontSize": 20,
                        },
                        false,
                      ]
                    }
                  >
                    15
                  </Text>
                </View>
              </View>
            </View>
            <View
              style={
                [
                  {
                    "height": 1334,
                    "width": 750,
                  },
                  {
                    "backgroundColor": "transparent",
                  },
                ]
              }
            >
              <View
                style={
                  {
                    "flexDirection": "row",
                    "justifyContent": "space-between",
                    "paddingHorizontal": 12,
                    "width": 750,
                  }
                }
              >
                <View
                  accessibilityState={
                    {
                      "busy": undefined,
                      "checked": undefined,
                      "disabled": undefined,
                      "expanded": undefined,
                      "selected": undefined,
                    }
                  }
                  accessible={true}
                  focusable={true}
                  onClick={[Function]}
                  onResponderGrant={[Function]}
                  onResponderMove={[Function]}
                  onResponderRelease={[Function]}
                  onResponderTerminate={[Function]}
                  onResponderTerminationRequest={[Function]}
                  onStartShouldSetResponder={[Function]}
                  style={
                    [
                      {
                        "alignItems": "center",
                        "borderColor": "#e3e3e3",
                        "borderRadius": 8,
                        "borderWidth": 1,
                        "flex": 1,
                        "height": 50,
                        "justifyContent": "center",
                        "marginHorizontal": 4,
                      },
                      false,
                    ]
                  }
                >
                  <Text
                    style={
                      [
                        {
                          "fontSize": 12,
                        },
                        false,
                      ]
                    }
                  >
                    Sun
                  </Text>
                  <Text
                    style={
                      [
                        {
                          "fontSize": 20,
                        },
                        false,
                      ]
                    }
                  >
                    16
                  </Text>
                </View>
                <View
                  accessibilityState={
                    {
                      "busy": undefined,
                      "checked": undefined,
                      "disabled": undefined,
                      "expanded": undefined,
                      "selected": undefined,
                    }
                  }
                  accessible={true}
                  focusable={true}
                  onClick={[Function]}
                  onResponderGrant={[Function]}
                  onResponderMove={[Function]}
                  onResponderRelease={[Function]}
                  onResponderTerminate={[Function]}
                  onResponderTerminationRequest={[Function]}
                  onStartShouldSetResponder={[Function]}
                  style={
                    [
                      {
                        "alignItems": "center",
                        "borderColor": "#e3e3e3",
                        "borderRadius": 8,
                        "borderWidth": 1,
                        "flex": 1,
                        "height": 50,
                        "justifyContent": "center",
                        "marginHorizontal": 4,
                      },
                      false,
                    ]
                  }
                >
                  <Text
                    style={
                      [
                        {
                          "fontSize": 12,
                        },
                        false,
                      ]
                    }
                  >
                    Mon
                  </Text>
                  <Text
                    style={
                      [
                        {
                          "fontSize": 20,
                        },
                        false,
                      ]
                    }
                  >
                    17
                  </Text>
                </View>
                <View
                  accessibilityState={
                    {
                      "busy": undefined,
                      "checked": undefined,
                      "disabled": undefined,
                      "expanded": undefined,
                      "selected": undefined,
                    }
                  }
                  accessible={true}
                  focusable={true}
                  onClick={[Function]}
                  onResponderGrant={[Function]}
                  onResponderMove={[Function]}
                  onResponderRelease={[Function]}
                  onResponderTerminate={[Function]}
                  onResponderTerminationRequest={[Function]}
                  onStartShouldSetResponder={[Function]}
                  style={
                    [
                      {
                        "alignItems": "center",
                        "borderColor": "#e3e3e3",
                        "borderRadius": 8,
                        "borderWidth": 1,
                        "flex": 1,
                        "height": 50,
                        "justifyContent": "center",
                        "marginHorizontal": 4,
                      },
                      false,
                    ]
                  }
                >
                  <Text
                    style={
                      [
                        {
                          "fontSize": 12,
                        },
                        false,
                      ]
                    }
                  >
                    Tue
                  </Text>
                  <Text
                    style={
                      [
                        {
                          "fontSize": 20,
                        },
                        false,
                      ]
                    }
                  >
                    18
                  </Text>
                </View>
                <View
                  accessibilityState={
                    {
                      "busy": undefined,
                      "checked": undefined,
                      "disabled": undefined,
                      "expanded": undefined,
                      "selected": undefined,
                    }
                  }
                  accessible={true}
                  focusable={true}
                  onClick={[Function]}
                  onResponderGrant={[Function]}
                  onResponderMove={[Function]}
                  onResponderRelease={[Function]}
                  onResponderTerminate={[Function]}
                  onResponderTerminationRequest={[Function]}
                  onStartShouldSetResponder={[Function]}
                  style={
                    [
                      {
                        "alignItems": "center",
                        "borderColor": "#e3e3e3",
                        "borderRadius": 8,
                        "borderWidth": 1,
                        "flex": 1,
                        "height": 50,
                        "justifyContent": "center",
                        "marginHorizontal": 4,
                      },
                      false,
                    ]
                  }
                >
                  <Text
                    style={
                      [
                        {
                          "fontSize": 12,
                        },
                        false,
                      ]
                    }
                  >
                    Wed
                  </Text>
                  <Text
                    style={
                      [
                        {
                          "fontSize": 20,
                        },
                        false,
                      ]
                    }
                  >
                    19
                  </Text>
                </View>
                <View
                  accessibilityState={
                    {
                      "busy": undefined,
                      "checked": undefined,
                      "disabled": undefined,
                      "expanded": undefined,
                      "selected": undefined,
                    }
                  }
                  accessible={true}
                  focusable={true}
                  onClick={[Function]}
                  onResponderGrant={[Function]}
                  onResponderMove={[Function]}
                  onResponderRelease={[Function]}
                  onResponderTerminate={[Function]}
                  onResponderTerminationRequest={[Function]}
                  onStartShouldSetResponder={[Function]}
                  style={
                    [
                      {
                        "alignItems": "center",
                        "borderColor": "#e3e3e3",
                        "borderRadius": 8,
                        "borderWidth": 1,
                        "flex": 1,
                        "height": 50,
                        "justifyContent": "center",
                        "marginHorizontal": 4,
                      },
                      false,
                    ]
                  }
                >
                  <Text
                    style={
                      [
                        {
                          "fontSize": 12,
                        },
                        false,
                      ]
                    }
                  >
                    Thu
                  </Text>
                  <Text
                    style={
                      [
                        {
                          "fontSize": 20,
                        },
                        false,
                      ]
                    }
                  >
                    20
                  </Text>
                </View>
                <View
                  accessibilityState={
                    {
                      "busy": undefined,
                      "checked": undefined,
                      "disabled": undefined,
                      "expanded": undefined,
                      "selected": undefined,
                    }
                  }
                  accessible={true}
                  focusable={true}
                  onClick={[Function]}
                  onResponderGrant={[Function]}
                  onResponderMove={[Function]}
                  onResponderRelease={[Function]}
                  onResponderTerminate={[Function]}
                  onResponderTerminationRequest={[Function]}
                  onStartShouldSetResponder={[Function]}
                  style={
                    [
                      {
                        "alignItems": "center",
                        "borderColor": "#e3e3e3",
                        "borderRadius": 8,
                        "borderWidth": 1,
                        "flex": 1,
                        "height": 50,
                        "justifyContent": "center",
                        "marginHorizontal": 4,
                      },
                      false,
                    ]
                  }
                >
                  <Text
                    style={
                      [
                        {
                          "fontSize": 12,
                        },
                        false,
                      ]
                    }
                  >
                    Fri
                  </Text>
                  <Text
                    style={
                      [
                        {
                          "fontSize": 20,
                        },
                        false,
                      ]
                    }
                  >
                    21
                  </Text>
                </View>
                <View
                  accessibilityState={
                    {
                      "busy": undefined,
                      "checked": undefined,
                      "disabled": undefined,
                      "expanded": undefined,
                      "selected": undefined,
                    }
                  }
                  accessible={true}
                  focusable={true}
                  onClick={[Function]}
                  onResponderGrant={[Function]}
                  onResponderMove={[Function]}
                  onResponderRelease={[Function]}
                  onResponderTerminate={[Function]}
                  onResponderTerminationRequest={[Function]}
                  onStartShouldSetResponder={[Function]}
                  style={
                    [
                      {
                        "alignItems": "center",
                        "borderColor": "#e3e3e3",
                        "borderRadius": 8,
                        "borderWidth": 1,
                        "flex": 1,
                        "height": 50,
                        "justifyContent": "center",
                        "marginHorizontal": 4,
                      },
                      false,
                    ]
                  }
                >
                  <Text
                    style={
                      [
                        {
                          "fontSize": 12,
                        },
                        false,
                      ]
                    }
                  >
                    Sat
                  </Text>
                  <Text
                    style={
                      [
                        {
                          "fontSize": 20,
                        },
                        false,
                      ]
                    }
                  >
                    22
                  </Text>
                </View>
              </View>
            </View>
          </View>
        </RCTScrollView>
      </View>
    </View>
    <View
      style={
        {
          "flex": 1,
          "paddingHorizontal": 16,
          "paddingVertical": 24,
        }
      }
    >
      <Text
        style={
          {
            "color": "#999",
            "fontSize": 17,
            "fontWeight": "600",
            "marginBottom": 12,
          }
        }
      >
        Friday, February 21, 2025
      </Text>
      <View
        style={
          {
            "marginTop": 10,
          }
        }
      >
        <Text
          style={
            {
              "color": "#999",
              "fontSize": 16,
              "marginTop": 20,
              "textAlign": "center",
            }
          }
        >
          No classes scheduled
        </Text>
      </View>
    </View>
  </View>
</RCTSafeAreaView>
`;
