// Jest Snapshot v1, https://goo.gl/fbAQLP

exports[`SettingsItem renders correctly with all props 1`] = `
<View
  accessibilityState={
    {
      "busy": undefined,
      "checked": undefined,
      "disabled": undefined,
      "expanded": undefined,
      "selected": undefined,
    }
  }
  accessibilityValue={
    {
      "max": undefined,
      "min": undefined,
      "now": undefined,
      "text": undefined,
    }
  }
  accessible={true}
  collapsable={false}
  focusable={true}
  onBlur={[Function]}
  onClick={[Function]}
  onFocus={[Function]}
  onResponderGrant={[Function]}
  onResponderMove={[Function]}
  onResponderRelease={[Function]}
  onResponderTerminate={[Function]}
  onResponderTerminationRequest={[Function]}
  onStartShouldSetResponder={[Function]}
  style={
    [
      {
        "backgroundColor": "#F0F0F0",
        "borderRadius": 16,
        "marginBottom": 16,
        "width": "100%",
      },
      false,
    ]
  }
>
  <View
    style={
      {
        "alignItems": "center",
        "flexDirection": "row",
        "justifyContent": "space-between",
        "padding": 20,
      }
    }
  >
    <Text
      style={
        {
          "color": "#333",
          "fontSize": 17,
          "fontWeight": "500",
        }
      }
    >
      Test Title
    </Text>
    IconMock
  </View>
</View>
`;
